\BOOKMARK [1][-]{section.1}{\376\377\166\356\166\204\060\150\175\120\212\326}{}% 1
\BOOKMARK [2][-]{subsection.1.1}{\376\377\151\034\212\074\060\127\060\137\060\104\116\356\212\254}{section.1}% 2
\BOOKMARK [2][-]{subsection.1.2}{\376\377\147\054\060\341\060\342\060\156\143\250\131\150\151\313\142\020}{section.1}% 3
\BOOKMARK [1][-]{section.2}{\376\377\145\342\133\130\060\156\122\006\136\003\156\054\133\232\060\114\171\072\060\131\125\117\230\114}{}% 4
\BOOKMARK [2][-]{subsection.2.1}{\376\377\0001\0000\0000\0000\165\073\120\317\060\147\060\156\156\054\133\232}{section.2}% 5
\BOOKMARK [2][-]{subsection.2.2}{\376\377\000f\000o\000r\000w\000a\000r\000d\000\040\000d\000i\000f\000f\000u\000s\000i\000o\000n\060\147\135\356\060\114\211\213\060\110\060\152\060\117\060\152\060\213\060\123\060\150\060\156\211\343\221\310}{section.2}% 6
\BOOKMARK [1][-]{section.3}{\376\377\212\030\123\367\060\150\060\267\060\271\060\306\060\340\060\342\060\307\060\353}{}% 7
\BOOKMARK [2][-]{subsection.3.1}{\376\377\212\030\123\367}{section.3}% 8
\BOOKMARK [2][-]{subsection.3.2}{\376\377\000e\000n\000d\000-\000t\000o\000-\000e\000n\000d\060\156\117\341\123\367\175\114\215\357}{section.3}% 9
\BOOKMARK [2][-]{subsection.3.3}{\376\377\000A\000D\000J\000S\000C\000C\060\150\000w\000i\000r\000e\000l\000e\000s\000s\000\040\000c\000h\000a\000n\000n\000e\000l}{section.3}% 10
\BOOKMARK [1][-]{section.4}{\376\377\000R\000e\000s\000f\000u\000s\000i\000o\000n\060\156\123\237\137\017\060\222\000l\000a\000t\000e\000n\000t\060\170\171\373\060\131}{}% 11
\BOOKMARK [2][-]{subsection.4.1}{\376\377\000f\000o\000r\000w\000a\000r\000d\000\040\000p\000r\000o\000c\000e\000s\000s}{section.4}% 12
\BOOKMARK [2][-]{subsection.4.2}{\376\377\000R\000e\000s\000f\000u\000s\000i\000o\000n\060\222\122\243\123\026\000l\000a\000t\000e\000n\000t\060\113\060\211\225\213\131\313\060\147\060\115\060\213\164\006\165\061}{section.4}% 13
\BOOKMARK [2][-]{subsection.4.3}{\376\377\000r\000e\000s\000i\000d\000u\000a\000l\000\040\000n\000o\000i\000s\000e\000\040\000p\000r\000e\000d\000i\000c\000t\000i\000o\000n}{section.4}% 14
\BOOKMARK [1][-]{section.5}{\376\377\000S\000t\000a\000b\000l\000e\000\040\000D\000i\000f\000f\000u\000s\000i\000o\000n\060\170\060\156\220\024\116\055\000h\000a\000n\000d\000o\000v\000e\000r}{}% 15
\BOOKMARK [2][-]{subsection.5.1}{\376\377\166\364\143\245\000h\000a\000n\000d\000o\000v\000e\000r\060\114\153\143\060\127\060\117\060\152\060\104\164\006\165\061}{section.5}% 16
\BOOKMARK [2][-]{subsection.5.2}{\376\377\143\250\131\150\000b\000r\000i\000d\000g\000e\377\032\153\213\135\356\060\222\146\016\171\072\166\204\060\153\226\144\123\273\060\131\060\213}{section.5}% 17
\BOOKMARK [2][-]{subsection.5.3}{\376\377\000h\000a\000n\000d\000o\000v\000e\000r\000\040\000s\000a\000m\000p\000l\000e\000\040\000a\000l\000i\000g\000n\000m\000e\000n\000t\000\040\000l\000o\000s\000s}{section.5}% 18
\BOOKMARK [2][-]{subsection.5.4}{\376\377\000S\000t\000a\000b\000l\000e\000\040\000D\000i\000f\000f\000u\000s\000i\000o\000n\000\040\000U\000-\000N\000e\000t\060\153\060\210\060\213\000i\000n\000t\000e\000r\000f\000a\000c\000e\000\040\000l\000o\000s\000s}{section.5}% 19
\BOOKMARK [2][-]{subsection.5.5}{\376\377\000m\000o\000m\000e\000n\000t\000/\000c\000o\000v\000a\000r\000i\000a\000n\000c\000e\000\040\000l\000o\000s\000s\060\157\210\334\122\251\230\005\060\150\060\131\060\213}{section.5}% 20
\BOOKMARK [2][-]{subsection.5.6}{\376\377\175\317\000l\000o\000s\000s}{section.5}% 21
\BOOKMARK [2][-]{subsection.5.7}{\376\377\122\045\000s\000c\000h\000e\000d\000u\000l\000e\060\222\117\177\060\106\130\064\124\010\060\156\133\211\121\150\060\152\000b\000r\000i\000d\000g\000e}{section.5}% 22
\BOOKMARK [1][-]{section.6}{\376\377\000L\000a\000t\000e\000n\000t\000\040\000R\000e\000s\000f\000u\000s\000i\000o\000n\060\156\000n\000e\000t\000w\000o\000r\000k\212\055\212\010}{}% 23
\BOOKMARK [2][-]{subsection.6.1}{\376\377\121\145\121\372\122\233}{section.6}% 24
\BOOKMARK [2][-]{subsection.6.2}{\376\377\000h\000a\000n\000d\000o\000v\000e\000r\173\304\126\362\060\156\133\146\177\322}{section.6}% 25
\BOOKMARK [1][-]{section.7}{\376\377\133\146\177\322\142\113\230\006}{}% 26
\BOOKMARK [2][-]{subsection.7.1}{\376\377\000d\000a\000t\000a\000s\000e\000t\000\040\000p\000a\000i\000r\060\156\165\037\142\020}{section.7}% 27
\BOOKMARK [2][-]{subsection.7.2}{\376\377\153\265\226\216\166\204\000t\000r\000a\000i\000n\000i\000n\000g}{section.7}% 28
\BOOKMARK [2][-]{subsection.7.3}{\376\377\143\250\131\150\060\131\060\213\000b\000a\000t\000c\000h\121\205\000s\000a\000m\000p\000l\000i\000n\000g}{section.7}% 29
\BOOKMARK [1][-]{section.8}{\376\377\143\250\212\326\142\113\230\006}{}% 30
\BOOKMARK [2][-]{subsection.8.1}{\376\377\121\161\147\011\000s\000c\000h\000e\000d\000u\000l\000e\060\373\146\016\171\072\000b\000r\000i\000d\000g\000e\145\271\137\017}{section.8}% 31
\BOOKMARK [2][-]{subsection.8.2}{\376\377\165\221\117\074\060\263\060\374\060\311}{section.8}% 32
\BOOKMARK [1][-]{section.9}{\376\377\212\125\117\241\212\010\165\073}{}% 33
\BOOKMARK [2][-]{subsection.9.1}{\376\377\153\324\217\003\174\373}{section.9}% 34
\BOOKMARK [2][-]{subsection.9.2}{\376\377\156\054\133\232\221\317}{section.9}% 35
\BOOKMARK [2][-]{subsection.9.3}{\376\377\116\073\211\201\000a\000b\000l\000a\000t\000i\000o\000n}{section.9}% 36
\BOOKMARK [1][-]{section.10}{\376\377\142\020\122\237\147\141\116\366\060\150\131\061\145\127\060\156\122\007\060\212\122\006\060\121}{}% 37
\BOOKMARK [2][-]{subsection.10.1}{\376\377\153\265\226\216\060\124\060\150\060\156\142\020\122\237\147\141\116\366}{section.10}% 38
\BOOKMARK [2][-]{subsection.10.2}{\376\377\140\363\133\232\060\125\060\214\060\213\131\061\145\127\060\150\212\072\145\255}{section.10}% 39
\BOOKMARK [1][-]{section.11}{\376\377\133\237\210\305\060\170\204\075\060\150\060\131\226\233\060\156\131\011\146\364\160\271}{}% 40
\BOOKMARK [1][-]{section.12}{\376\377\170\024\172\166\116\012\060\156\154\350\141\017}{}% 41
\BOOKMARK [1][-]{section.13}{\376\377\147\000\134\017\133\237\232\023\060\156\133\237\210\114\230\006}{}% 42
